// Jest Snapshot v1, https://goo.gl/fbAQLP

exports[`AppHeader when it has complete data should be same as snapshot 1`] = `
initialize {
  "0": Object {
    "attribs": Object {
      "class": "AppHeader",
    },
    "children": Array [
      Object {
        "attribs": Object {
          "class": "AppHeader__logo-wrap",
        },
        "children": Array [
          Object {
            "attribs": Object {
              "alt": "codio_logo",
              "class": "codio_logo",
              "src": "codio_logo.png",
            },
            "children": Array [],
            "name": "img",
            "namespace": "http://www.w3.org/1999/xhtml",
            "next": null,
            "parent": [Circular],
            "prev": null,
            "type": "tag",
            "x-attribsNamespace": Object {
              "alt": undefined,
              "class": undefined,
              "src": undefined,
            },
            "x-attribsPrefix": Object {
              "alt": undefined,
              "class": undefined,
              "src": undefined,
            },
          },
        ],
        "name": "div",
        "namespace": "http://www.w3.org/1999/xhtml",
        "next": Object {
          "attribs": Object {
            "class": "AppHeader__tablist",
            "role": "tablist",
          },
          "children": Array [
            Object {
              "attribs": Object {
                "aria-disabled": "false",
                "aria-selected": "true",
                "class": "",
                "role": "tab",
                "tabindex": "0",
              },
              "children": Array [
                Object {
                  "data": "HTML",
                  "next": null,
                  "parent": [Circular],
                  "prev": null,
                  "type": "text",
                },
              ],
              "name": "li",
              "namespace": "http://www.w3.org/1999/xhtml",
              "next": Object {
                "attribs": Object {
                  "aria-disabled": "false",
                  "aria-selected": "false",
                  "class": "",
                  "role": "tab",
                  "tabindex": "1",
                },
                "children": Array [
                  Object {
                    "data": "CSS",
                    "next": null,
                    "parent": [Circular],
                    "prev": null,
                    "type": "text",
                  },
                ],
                "name": "li",
                "namespace": "http://www.w3.org/1999/xhtml",
                "next": Object {
                  "attribs": Object {
                    "aria-disabled": "false",
                    "aria-selected": "false",
                    "class": "",
                    "role": "tab",
                    "tabindex": "2",
                  },
                  "children": Array [
                    Object {
                      "data": "JS",
                      "next": null,
                      "parent": [Circular],
                      "prev": null,
                      "type": "text",
                    },
                  ],
                  "name": "li",
                  "namespace": "http://www.w3.org/1999/xhtml",
                  "next": Object {
                    "attribs": Object {
                      "aria-disabled": "false",
                      "aria-selected": "false",
                      "class": "",
                      "role": "tab",
                      "tabindex": "3",
                    },
                    "children": Array [
                      Object {
                        "data": "Console",
                        "next": null,
                        "parent": [Circular],
                        "prev": null,
                        "type": "text",
                      },
                    ],
                    "name": "li",
                    "namespace": "http://www.w3.org/1999/xhtml",
                    "next": null,
                    "parent": [Circular],
                    "prev": [Circular],
                    "type": "tag",
                    "x-attribsNamespace": Object {
                      "aria-disabled": undefined,
                      "aria-selected": undefined,
                      "class": undefined,
                      "role": undefined,
                      "tabindex": undefined,
                    },
                    "x-attribsPrefix": Object {
                      "aria-disabled": undefined,
                      "aria-selected": undefined,
                      "class": undefined,
                      "role": undefined,
                      "tabindex": undefined,
                    },
                  },
                  "parent": [Circular],
                  "prev": [Circular],
                  "type": "tag",
                  "x-attribsNamespace": Object {
                    "aria-disabled": undefined,
                    "aria-selected": undefined,
                    "class": undefined,
                    "role": undefined,
                    "tabindex": undefined,
                  },
                  "x-attribsPrefix": Object {
                    "aria-disabled": undefined,
                    "aria-selected": undefined,
                    "class": undefined,
                    "role": undefined,
                    "tabindex": undefined,
                  },
                },
                "parent": [Circular],
                "prev": [Circular],
                "type": "tag",
                "x-attribsNamespace": Object {
                  "aria-disabled": undefined,
                  "aria-selected": undefined,
                  "class": undefined,
                  "role": undefined,
                  "tabindex": undefined,
                },
                "x-attribsPrefix": Object {
                  "aria-disabled": undefined,
                  "aria-selected": undefined,
                  "class": undefined,
                  "role": undefined,
                  "tabindex": undefined,
                },
              },
              "parent": [Circular],
              "prev": null,
              "type": "tag",
              "x-attribsNamespace": Object {
                "aria-disabled": undefined,
                "aria-selected": undefined,
                "class": undefined,
                "role": undefined,
                "tabindex": undefined,
              },
              "x-attribsPrefix": Object {
                "aria-disabled": undefined,
                "aria-selected": undefined,
                "class": undefined,
                "role": undefined,
                "tabindex": undefined,
              },
            },
            Object {
              "attribs": Object {
                "aria-disabled": "false",
                "aria-selected": "false",
                "class": "",
                "role": "tab",
                "tabindex": "1",
              },
              "children": Array [
                Object {
                  "data": "CSS",
                  "next": null,
                  "parent": [Circular],
                  "prev": null,
                  "type": "text",
                },
              ],
              "name": "li",
              "namespace": "http://www.w3.org/1999/xhtml",
              "next": Object {
                "attribs": Object {
                  "aria-disabled": "false",
                  "aria-selected": "false",
                  "class": "",
                  "role": "tab",
                  "tabindex": "2",
                },
                "children": Array [
                  Object {
                    "data": "JS",
                    "next": null,
                    "parent": [Circular],
                    "prev": null,
                    "type": "text",
                  },
                ],
                "name": "li",
                "namespace": "http://www.w3.org/1999/xhtml",
                "next": Object {
                  "attribs": Object {
                    "aria-disabled": "false",
                    "aria-selected": "false",
                    "class": "",
                    "role": "tab",
                    "tabindex": "3",
                  },
                  "children": Array [
                    Object {
                      "data": "Console",
                      "next": null,
                      "parent": [Circular],
                      "prev": null,
                      "type": "text",
                    },
                  ],
                  "name": "li",
                  "namespace": "http://www.w3.org/1999/xhtml",
                  "next": null,
                  "parent": [Circular],
                  "prev": [Circular],
                  "type": "tag",
                  "x-attribsNamespace": Object {
                    "aria-disabled": undefined,
                    "aria-selected": undefined,
                    "class": undefined,
                    "role": undefined,
                    "tabindex": undefined,
                  },
                  "x-attribsPrefix": Object {
                    "aria-disabled": undefined,
                    "aria-selected": undefined,
                    "class": undefined,
                    "role": undefined,
                    "tabindex": undefined,
                  },
                },
                "parent": [Circular],
                "prev": [Circular],
                "type": "tag",
                "x-attribsNamespace": Object {
                  "aria-disabled": undefined,
                  "aria-selected": undefined,
                  "class": undefined,
                  "role": undefined,
                  "tabindex": undefined,
                },
                "x-attribsPrefix": Object {
                  "aria-disabled": undefined,
                  "aria-selected": undefined,
                  "class": undefined,
                  "role": undefined,
                  "tabindex": undefined,
                },
              },
              "parent": [Circular],
              "prev": Object {
                "attribs": Object {
                  "aria-disabled": "false",
                  "aria-selected": "true",
                  "class": "",
                  "role": "tab",
                  "tabindex": "0",
                },
                "children": Array [
                  Object {
                    "data": "HTML",
                    "next": null,
                    "parent": [Circular],
                    "prev": null,
                    "type": "text",
                  },
                ],
                "name": "li",
                "namespace": "http://www.w3.org/1999/xhtml",
                "next": [Circular],
                "parent": [Circular],
                "prev": null,
                "type": "tag",
                "x-attribsNamespace": Object {
                  "aria-disabled": undefined,
                  "aria-selected": undefined,
                  "class": undefined,
                  "role": undefined,
                  "tabindex": undefined,
                },
                "x-attribsPrefix": Object {
                  "aria-disabled": undefined,
                  "aria-selected": undefined,
                  "class": undefined,
                  "role": undefined,
                  "tabindex": undefined,
                },
              },
              "type": "tag",
              "x-attribsNamespace": Object {
                "aria-disabled": undefined,
                "aria-selected": undefined,
                "class": undefined,
                "role": undefined,
                "tabindex": undefined,
              },
              "x-attribsPrefix": Object {
                "aria-disabled": undefined,
                "aria-selected": undefined,
                "class": undefined,
                "role": undefined,
                "tabindex": undefined,
              },
            },
            Object {
              "attribs": Object {
                "aria-disabled": "false",
                "aria-selected": "false",
                "class": "",
                "role": "tab",
                "tabindex": "2",
              },
              "children": Array [
                Object {
                  "data": "JS",
                  "next": null,
                  "parent": [Circular],
                  "prev": null,
                  "type": "text",
                },
              ],
              "name": "li",
              "namespace": "http://www.w3.org/1999/xhtml",
              "next": Object {
                "attribs": Object {
                  "aria-disabled": "false",
                  "aria-selected": "false",
                  "class": "",
                  "role": "tab",
                  "tabindex": "3",
                },
                "children": Array [
                  Object {
                    "data": "Console",
                    "next": null,
                    "parent": [Circular],
                    "prev": null,
                    "type": "text",
                  },
                ],
                "name": "li",
                "namespace": "http://www.w3.org/1999/xhtml",
                "next": null,
                "parent": [Circular],
                "prev": [Circular],
                "type": "tag",
                "x-attribsNamespace": Object {
                  "aria-disabled": undefined,
                  "aria-selected": undefined,
                  "class": undefined,
                  "role": undefined,
                  "tabindex": undefined,
                },
                "x-attribsPrefix": Object {
                  "aria-disabled": undefined,
                  "aria-selected": undefined,
                  "class": undefined,
                  "role": undefined,
                  "tabindex": undefined,
                },
              },
              "parent": [Circular],
              "prev": Object {
                "attribs": Object {
                  "aria-disabled": "false",
                  "aria-selected": "false",
                  "class": "",
                  "role": "tab",
                  "tabindex": "1",
                },
                "children": Array [
                  Object {
                    "data": "CSS",
                    "next": null,
                    "parent": [Circular],
                    "prev": null,
                    "type": "text",
                  },
                ],
                "name": "li",
                "namespace": "http://www.w3.org/1999/xhtml",
                "next": [Circular],
                "parent": [Circular],
                "prev": Object {
                  "attribs": Object {
                    "aria-disabled": "false",
                    "aria-selected": "true",
                    "class": "",
                    "role": "tab",
                    "tabindex": "0",
                  },
                  "children": Array [
                    Object {
                      "data": "HTML",
                      "next": null,
                      "parent": [Circular],
                      "prev": null,
                      "type": "text",
                    },
                  ],
                  "name": "li",
                  "namespace": "http://www.w3.org/1999/xhtml",
                  "next": [Circular],
                  "parent": [Circular],
                  "prev": null,
                  "type": "tag",
                  "x-attribsNamespace": Object {
                    "aria-disabled": undefined,
                    "aria-selected": undefined,
                    "class": undefined,
                    "role": undefined,
                    "tabindex": undefined,
                  },
                  "x-attribsPrefix": Object {
                    "aria-disabled": undefined,
                    "aria-selected": undefined,
                    "class": undefined,
                    "role": undefined,
                    "tabindex": undefined,
                  },
                },
                "type": "tag",
                "x-attribsNamespace": Object {
                  "aria-disabled": undefined,
                  "aria-selected": undefined,
                  "class": undefined,
                  "role": undefined,
                  "tabindex": undefined,
                },
                "x-attribsPrefix": Object {
                  "aria-disabled": undefined,
                  "aria-selected": undefined,
                  "class": undefined,
                  "role": undefined,
                  "tabindex": undefined,
                },
              },
              "type": "tag",
              "x-attribsNamespace": Object {
                "aria-disabled": undefined,
                "aria-selected": undefined,
                "class": undefined,
                "role": undefined,
                "tabindex": undefined,
              },
              "x-attribsPrefix": Object {
                "aria-disabled": undefined,
                "aria-selected": undefined,
                "class": undefined,
                "role": undefined,
                "tabindex": undefined,
              },
            },
            Object {
              "attribs": Object {
                "aria-disabled": "false",
                "aria-selected": "false",
                "class": "",
                "role": "tab",
                "tabindex": "3",
              },
              "children": Array [
                Object {
                  "data": "Console",
                  "next": null,
                  "parent": [Circular],
                  "prev": null,
                  "type": "text",
                },
              ],
              "name": "li",
              "namespace": "http://www.w3.org/1999/xhtml",
              "next": null,
              "parent": [Circular],
              "prev": Object {
                "attribs": Object {
                  "aria-disabled": "false",
                  "aria-selected": "false",
                  "class": "",
                  "role": "tab",
                  "tabindex": "2",
                },
                "children": Array [
                  Object {
                    "data": "JS",
                    "next": null,
                    "parent": [Circular],
                    "prev": null,
                    "type": "text",
                  },
                ],
                "name": "li",
                "namespace": "http://www.w3.org/1999/xhtml",
                "next": [Circular],
                "parent": [Circular],
                "prev": Object {
                  "attribs": Object {
                    "aria-disabled": "false",
                    "aria-selected": "false",
                    "class": "",
                    "role": "tab",
                    "tabindex": "1",
                  },
                  "children": Array [
                    Object {
                      "data": "CSS",
                      "next": null,
                      "parent": [Circular],
                      "prev": null,
                      "type": "text",
                    },
                  ],
                  "name": "li",
                  "namespace": "http://www.w3.org/1999/xhtml",
                  "next": [Circular],
                  "parent": [Circular],
                  "prev": Object {
                    "attribs": Object {
                      "aria-disabled": "false",
                      "aria-selected": "true",
                      "class": "",
                      "role": "tab",
                      "tabindex": "0",
                    },
                    "children": Array [
                      Object {
                        "data": "HTML",
                        "next": null,
                        "parent": [Circular],
                        "prev": null,
                        "type": "text",
                      },
                    ],
                    "name": "li",
                    "namespace": "http://www.w3.org/1999/xhtml",
                    "next": [Circular],
                    "parent": [Circular],
                    "prev": null,
                    "type": "tag",
                    "x-attribsNamespace": Object {
                      "aria-disabled": undefined,
                      "aria-selected": undefined,
                      "class": undefined,
                      "role": undefined,
                      "tabindex": undefined,
                    },
                    "x-attribsPrefix": Object {
                      "aria-disabled": undefined,
                      "aria-selected": undefined,
                      "class": undefined,
                      "role": undefined,
                      "tabindex": undefined,
                    },
                  },
                  "type": "tag",
                  "x-attribsNamespace": Object {
                    "aria-disabled": undefined,
                    "aria-selected": undefined,
                    "class": undefined,
                    "role": undefined,
                    "tabindex": undefined,
                  },
                  "x-attribsPrefix": Object {
                    "aria-disabled": undefined,
                    "aria-selected": undefined,
                    "class": undefined,
                    "role": undefined,
                    "tabindex": undefined,
                  },
                },
                "type": "tag",
                "x-attribsNamespace": Object {
                  "aria-disabled": undefined,
                  "aria-selected": undefined,
                  "class": undefined,
                  "role": undefined,
                  "tabindex": undefined,
                },
                "x-attribsPrefix": Object {
                  "aria-disabled": undefined,
                  "aria-selected": undefined,
                  "class": undefined,
                  "role": undefined,
                  "tabindex": undefined,
                },
              },
              "type": "tag",
              "x-attribsNamespace": Object {
                "aria-disabled": undefined,
                "aria-selected": undefined,
                "class": undefined,
                "role": undefined,
                "tabindex": undefined,
              },
              "x-attribsPrefix": Object {
                "aria-disabled": undefined,
                "aria-selected": undefined,
                "class": undefined,
                "role": undefined,
                "tabindex": undefined,
              },
            },
          ],
          "name": "ul",
          "namespace": "http://www.w3.org/1999/xhtml",
          "next": Object {
            "attribs": Object {
              "class": "AppHeader__btnGroup",
            },
            "children": Array [
              Object {
                "attribs": Object {
                  "class": "shareBtn",
                  "fill": "currentColor",
                  "height": "1em",
                  "stroke": "currentColor",
                  "stroke-width": "0",
                  "viewBox": "0 0 24 24",
                  "width": "1em",
                  "xmlns": "http://www.w3.org/2000/svg",
                },
                "children": Array [
                  Object {
                    "attribs": Object {
                      "d": "M18 16.08c-.76 0-1.44.3-1.96.77L8.91 12.7c.05-.23.09-.46.09-.7s-.04-.47-.09-.7l7.05-4.11c.54.5 1.25.81 2.04.81 1.66 0 3-1.34 3-3s-1.34-3-3-3-3 1.34-3 3c0 .24.04.47.09.7L8.04 9.81C7.5 9.31 6.79 9 6 9c-1.66 0-3 1.34-3 3s1.34 3 3 3c.79 0 1.5-.31 2.04-.81l7.12 4.16c-.05.21-.08.43-.08.65 0 1.61 1.31 2.92 2.92 2.92 1.61 0 2.92-1.31 2.92-2.92s-1.31-2.92-2.92-2.92z",
                    },
                    "children": Array [],
                    "name": "path",
                    "namespace": "http://www.w3.org/2000/svg",
                    "next": null,
                    "parent": [Circular],
                    "prev": null,
                    "type": "tag",
                    "x-attribsNamespace": Object {
                      "d": undefined,
                    },
                    "x-attribsPrefix": Object {
                      "d": undefined,
                    },
                  },
                ],
                "name": "svg",
                "namespace": "http://www.w3.org/2000/svg",
                "next": null,
                "parent": [Circular],
                "prev": null,
                "type": "tag",
                "x-attribsNamespace": Object {
                  "class": undefined,
                  "fill": undefined,
                  "height": undefined,
                  "stroke": undefined,
                  "stroke-width": undefined,
                  "viewBox": undefined,
                  "width": undefined,
                  "xmlns": "http://www.w3.org/2000/xmlns/",
                },
                "x-attribsPrefix": Object {
                  "class": undefined,
                  "fill": undefined,
                  "height": undefined,
                  "stroke": undefined,
                  "stroke-width": undefined,
                  "viewBox": undefined,
                  "width": undefined,
                  "xmlns": "",
                },
              },
            ],
            "name": "div",
            "namespace": "http://www.w3.org/1999/xhtml",
            "next": null,
            "parent": [Circular],
            "prev": [Circular],
            "type": "tag",
            "x-attribsNamespace": Object {
              "class": undefined,
            },
            "x-attribsPrefix": Object {
              "class": undefined,
            },
          },
          "parent": [Circular],
          "prev": [Circular],
          "type": "tag",
          "x-attribsNamespace": Object {
            "class": undefined,
            "role": undefined,
          },
          "x-attribsPrefix": Object {
            "class": undefined,
            "role": undefined,
          },
        },
        "parent": [Circular],
        "prev": null,
        "type": "tag",
        "x-attribsNamespace": Object {
          "class": undefined,
        },
        "x-attribsPrefix": Object {
          "class": undefined,
        },
      },
      Object {
        "attribs": Object {
          "class": "AppHeader__tablist",
          "role": "tablist",
        },
        "children": Array [
          Object {
            "attribs": Object {
              "aria-disabled": "false",
              "aria-selected": "true",
              "class": "",
              "role": "tab",
              "tabindex": "0",
            },
            "children": Array [
              Object {
                "data": "HTML",
                "next": null,
                "parent": [Circular],
                "prev": null,
                "type": "text",
              },
            ],
            "name": "li",
            "namespace": "http://www.w3.org/1999/xhtml",
            "next": Object {
              "attribs": Object {
                "aria-disabled": "false",
                "aria-selected": "false",
                "class": "",
                "role": "tab",
                "tabindex": "1",
              },
              "children": Array [
                Object {
                  "data": "CSS",
                  "next": null,
                  "parent": [Circular],
                  "prev": null,
                  "type": "text",
                },
              ],
              "name": "li",
              "namespace": "http://www.w3.org/1999/xhtml",
              "next": Object {
                "attribs": Object {
                  "aria-disabled": "false",
                  "aria-selected": "false",
                  "class": "",
                  "role": "tab",
                  "tabindex": "2",
                },
                "children": Array [
                  Object {
                    "data": "JS",
                    "next": null,
                    "parent": [Circular],
                    "prev": null,
                    "type": "text",
                  },
                ],
                "name": "li",
                "namespace": "http://www.w3.org/1999/xhtml",
                "next": Object {
                  "attribs": Object {
                    "aria-disabled": "false",
                    "aria-selected": "false",
                    "class": "",
                    "role": "tab",
                    "tabindex": "3",
                  },
                  "children": Array [
                    Object {
                      "data": "Console",
                      "next": null,
                      "parent": [Circular],
                      "prev": null,
                      "type": "text",
                    },
                  ],
                  "name": "li",
                  "namespace": "http://www.w3.org/1999/xhtml",
                  "next": null,
                  "parent": [Circular],
                  "prev": [Circular],
                  "type": "tag",
                  "x-attribsNamespace": Object {
                    "aria-disabled": undefined,
                    "aria-selected": undefined,
                    "class": undefined,
                    "role": undefined,
                    "tabindex": undefined,
                  },
                  "x-attribsPrefix": Object {
                    "aria-disabled": undefined,
                    "aria-selected": undefined,
                    "class": undefined,
                    "role": undefined,
                    "tabindex": undefined,
                  },
                },
                "parent": [Circular],
                "prev": [Circular],
                "type": "tag",
                "x-attribsNamespace": Object {
                  "aria-disabled": undefined,
                  "aria-selected": undefined,
                  "class": undefined,
                  "role": undefined,
                  "tabindex": undefined,
                },
                "x-attribsPrefix": Object {
                  "aria-disabled": undefined,
                  "aria-selected": undefined,
                  "class": undefined,
                  "role": undefined,
                  "tabindex": undefined,
                },
              },
              "parent": [Circular],
              "prev": [Circular],
              "type": "tag",
              "x-attribsNamespace": Object {
                "aria-disabled": undefined,
                "aria-selected": undefined,
                "class": undefined,
                "role": undefined,
                "tabindex": undefined,
              },
              "x-attribsPrefix": Object {
                "aria-disabled": undefined,
                "aria-selected": undefined,
                "class": undefined,
                "role": undefined,
                "tabindex": undefined,
              },
            },
            "parent": [Circular],
            "prev": null,
            "type": "tag",
            "x-attribsNamespace": Object {
              "aria-disabled": undefined,
              "aria-selected": undefined,
              "class": undefined,
              "role": undefined,
              "tabindex": undefined,
            },
            "x-attribsPrefix": Object {
              "aria-disabled": undefined,
              "aria-selected": undefined,
              "class": undefined,
              "role": undefined,
              "tabindex": undefined,
            },
          },
          Object {
            "attribs": Object {
              "aria-disabled": "false",
              "aria-selected": "false",
              "class": "",
              "role": "tab",
              "tabindex": "1",
            },
            "children": Array [
              Object {
                "data": "CSS",
                "next": null,
                "parent": [Circular],
                "prev": null,
                "type": "text",
              },
            ],
            "name": "li",
            "namespace": "http://www.w3.org/1999/xhtml",
            "next": Object {
              "attribs": Object {
                "aria-disabled": "false",
                "aria-selected": "false",
                "class": "",
                "role": "tab",
                "tabindex": "2",
              },
              "children": Array [
                Object {
                  "data": "JS",
                  "next": null,
                  "parent": [Circular],
                  "prev": null,
                  "type": "text",
                },
              ],
              "name": "li",
              "namespace": "http://www.w3.org/1999/xhtml",
              "next": Object {
                "attribs": Object {
                  "aria-disabled": "false",
                  "aria-selected": "false",
                  "class": "",
                  "role": "tab",
                  "tabindex": "3",
                },
                "children": Array [
                  Object {
                    "data": "Console",
                    "next": null,
                    "parent": [Circular],
                    "prev": null,
                    "type": "text",
                  },
                ],
                "name": "li",
                "namespace": "http://www.w3.org/1999/xhtml",
                "next": null,
                "parent": [Circular],
                "prev": [Circular],
                "type": "tag",
                "x-attribsNamespace": Object {
                  "aria-disabled": undefined,
                  "aria-selected": undefined,
                  "class": undefined,
                  "role": undefined,
                  "tabindex": undefined,
                },
                "x-attribsPrefix": Object {
                  "aria-disabled": undefined,
                  "aria-selected": undefined,
                  "class": undefined,
                  "role": undefined,
                  "tabindex": undefined,
                },
              },
              "parent": [Circular],
              "prev": [Circular],
              "type": "tag",
              "x-attribsNamespace": Object {
                "aria-disabled": undefined,
                "aria-selected": undefined,
                "class": undefined,
                "role": undefined,
                "tabindex": undefined,
              },
              "x-attribsPrefix": Object {
                "aria-disabled": undefined,
                "aria-selected": undefined,
                "class": undefined,
                "role": undefined,
                "tabindex": undefined,
              },
            },
            "parent": [Circular],
            "prev": Object {
              "attribs": Object {
                "aria-disabled": "false",
                "aria-selected": "true",
                "class": "",
                "role": "tab",
                "tabindex": "0",
              },
              "children": Array [
                Object {
                  "data": "HTML",
                  "next": null,
                  "parent": [Circular],
                  "prev": null,
                  "type": "text",
                },
              ],
              "name": "li",
              "namespace": "http://www.w3.org/1999/xhtml",
              "next": [Circular],
              "parent": [Circular],
              "prev": null,
              "type": "tag",
              "x-attribsNamespace": Object {
                "aria-disabled": undefined,
                "aria-selected": undefined,
                "class": undefined,
                "role": undefined,
                "tabindex": undefined,
              },
              "x-attribsPrefix": Object {
                "aria-disabled": undefined,
                "aria-selected": undefined,
                "class": undefined,
                "role": undefined,
                "tabindex": undefined,
              },
            },
            "type": "tag",
            "x-attribsNamespace": Object {
              "aria-disabled": undefined,
              "aria-selected": undefined,
              "class": undefined,
              "role": undefined,
              "tabindex": undefined,
            },
            "x-attribsPrefix": Object {
              "aria-disabled": undefined,
              "aria-selected": undefined,
              "class": undefined,
              "role": undefined,
              "tabindex": undefined,
            },
          },
          Object {
            "attribs": Object {
              "aria-disabled": "false",
              "aria-selected": "false",
              "class": "",
              "role": "tab",
              "tabindex": "2",
            },
            "children": Array [
              Object {
                "data": "JS",
                "next": null,
                "parent": [Circular],
                "prev": null,
                "type": "text",
              },
            ],
            "name": "li",
            "namespace": "http://www.w3.org/1999/xhtml",
            "next": Object {
              "attribs": Object {
                "aria-disabled": "false",
                "aria-selected": "false",
                "class": "",
                "role": "tab",
                "tabindex": "3",
              },
              "children": Array [
                Object {
                  "data": "Console",
                  "next": null,
                  "parent": [Circular],
                  "prev": null,
                  "type": "text",
                },
              ],
              "name": "li",
              "namespace": "http://www.w3.org/1999/xhtml",
              "next": null,
              "parent": [Circular],
              "prev": [Circular],
              "type": "tag",
              "x-attribsNamespace": Object {
                "aria-disabled": undefined,
                "aria-selected": undefined,
                "class": undefined,
                "role": undefined,
                "tabindex": undefined,
              },
              "x-attribsPrefix": Object {
                "aria-disabled": undefined,
                "aria-selected": undefined,
                "class": undefined,
                "role": undefined,
                "tabindex": undefined,
              },
            },
            "parent": [Circular],
            "prev": Object {
              "attribs": Object {
                "aria-disabled": "false",
                "aria-selected": "false",
                "class": "",
                "role": "tab",
                "tabindex": "1",
              },
              "children": Array [
                Object {
                  "data": "CSS",
                  "next": null,
                  "parent": [Circular],
                  "prev": null,
                  "type": "text",
                },
              ],
              "name": "li",
              "namespace": "http://www.w3.org/1999/xhtml",
              "next": [Circular],
              "parent": [Circular],
              "prev": Object {
                "attribs": Object {
                  "aria-disabled": "false",
                  "aria-selected": "true",
                  "class": "",
                  "role": "tab",
                  "tabindex": "0",
                },
                "children": Array [
                  Object {
                    "data": "HTML",
                    "next": null,
                    "parent": [Circular],
                    "prev": null,
                    "type": "text",
                  },
                ],
                "name": "li",
                "namespace": "http://www.w3.org/1999/xhtml",
                "next": [Circular],
                "parent": [Circular],
                "prev": null,
                "type": "tag",
                "x-attribsNamespace": Object {
                  "aria-disabled": undefined,
                  "aria-selected": undefined,
                  "class": undefined,
                  "role": undefined,
                  "tabindex": undefined,
                },
                "x-attribsPrefix": Object {
                  "aria-disabled": undefined,
                  "aria-selected": undefined,
                  "class": undefined,
                  "role": undefined,
                  "tabindex": undefined,
                },
              },
              "type": "tag",
              "x-attribsNamespace": Object {
                "aria-disabled": undefined,
                "aria-selected": undefined,
                "class": undefined,
                "role": undefined,
                "tabindex": undefined,
              },
              "x-attribsPrefix": Object {
                "aria-disabled": undefined,
                "aria-selected": undefined,
                "class": undefined,
                "role": undefined,
                "tabindex": undefined,
              },
            },
            "type": "tag",
            "x-attribsNamespace": Object {
              "aria-disabled": undefined,
              "aria-selected": undefined,
              "class": undefined,
              "role": undefined,
              "tabindex": undefined,
            },
            "x-attribsPrefix": Object {
              "aria-disabled": undefined,
              "aria-selected": undefined,
              "class": undefined,
              "role": undefined,
              "tabindex": undefined,
            },
          },
          Object {
            "attribs": Object {
              "aria-disabled": "false",
              "aria-selected": "false",
              "class": "",
              "role": "tab",
              "tabindex": "3",
            },
            "children": Array [
              Object {
                "data": "Console",
                "next": null,
                "parent": [Circular],
                "prev": null,
                "type": "text",
              },
            ],
            "name": "li",
            "namespace": "http://www.w3.org/1999/xhtml",
            "next": null,
            "parent": [Circular],
            "prev": Object {
              "attribs": Object {
                "aria-disabled": "false",
                "aria-selected": "false",
                "class": "",
                "role": "tab",
                "tabindex": "2",
              },
              "children": Array [
                Object {
                  "data": "JS",
                  "next": null,
                  "parent": [Circular],
                  "prev": null,
                  "type": "text",
                },
              ],
              "name": "li",
              "namespace": "http://www.w3.org/1999/xhtml",
              "next": [Circular],
              "parent": [Circular],
              "prev": Object {
                "attribs": Object {
                  "aria-disabled": "false",
                  "aria-selected": "false",
                  "class": "",
                  "role": "tab",
                  "tabindex": "1",
                },
                "children": Array [
                  Object {
                    "data": "CSS",
                    "next": null,
                    "parent": [Circular],
                    "prev": null,
                    "type": "text",
                  },
                ],
                "name": "li",
                "namespace": "http://www.w3.org/1999/xhtml",
                "next": [Circular],
                "parent": [Circular],
                "prev": Object {
                  "attribs": Object {
                    "aria-disabled": "false",
                    "aria-selected": "true",
                    "class": "",
                    "role": "tab",
                    "tabindex": "0",
                  },
                  "children": Array [
                    Object {
                      "data": "HTML",
                      "next": null,
                      "parent": [Circular],
                      "prev": null,
                      "type": "text",
                    },
                  ],
                  "name": "li",
                  "namespace": "http://www.w3.org/1999/xhtml",
                  "next": [Circular],
                  "parent": [Circular],
                  "prev": null,
                  "type": "tag",
                  "x-attribsNamespace": Object {
                    "aria-disabled": undefined,
                    "aria-selected": undefined,
                    "class": undefined,
                    "role": undefined,
                    "tabindex": undefined,
                  },
                  "x-attribsPrefix": Object {
                    "aria-disabled": undefined,
                    "aria-selected": undefined,
                    "class": undefined,
                    "role": undefined,
                    "tabindex": undefined,
                  },
                },
                "type": "tag",
                "x-attribsNamespace": Object {
                  "aria-disabled": undefined,
                  "aria-selected": undefined,
                  "class": undefined,
                  "role": undefined,
                  "tabindex": undefined,
                },
                "x-attribsPrefix": Object {
                  "aria-disabled": undefined,
                  "aria-selected": undefined,
                  "class": undefined,
                  "role": undefined,
                  "tabindex": undefined,
                },
              },
              "type": "tag",
              "x-attribsNamespace": Object {
                "aria-disabled": undefined,
                "aria-selected": undefined,
                "class": undefined,
                "role": undefined,
                "tabindex": undefined,
              },
              "x-attribsPrefix": Object {
                "aria-disabled": undefined,
                "aria-selected": undefined,
                "class": undefined,
                "role": undefined,
                "tabindex": undefined,
              },
            },
            "type": "tag",
            "x-attribsNamespace": Object {
              "aria-disabled": undefined,
              "aria-selected": undefined,
              "class": undefined,
              "role": undefined,
              "tabindex": undefined,
            },
            "x-attribsPrefix": Object {
              "aria-disabled": undefined,
              "aria-selected": undefined,
              "class": undefined,
              "role": undefined,
              "tabindex": undefined,
            },
          },
        ],
        "name": "ul",
        "namespace": "http://www.w3.org/1999/xhtml",
        "next": Object {
          "attribs": Object {
            "class": "AppHeader__btnGroup",
          },
          "children": Array [
            Object {
              "attribs": Object {
                "class": "shareBtn",
                "fill": "currentColor",
                "height": "1em",
                "stroke": "currentColor",
                "stroke-width": "0",
                "viewBox": "0 0 24 24",
                "width": "1em",
                "xmlns": "http://www.w3.org/2000/svg",
              },
              "children": Array [
                Object {
                  "attribs": Object {
                    "d": "M18 16.08c-.76 0-1.44.3-1.96.77L8.91 12.7c.05-.23.09-.46.09-.7s-.04-.47-.09-.7l7.05-4.11c.54.5 1.25.81 2.04.81 1.66 0 3-1.34 3-3s-1.34-3-3-3-3 1.34-3 3c0 .24.04.47.09.7L8.04 9.81C7.5 9.31 6.79 9 6 9c-1.66 0-3 1.34-3 3s1.34 3 3 3c.79 0 1.5-.31 2.04-.81l7.12 4.16c-.05.21-.08.43-.08.65 0 1.61 1.31 2.92 2.92 2.92 1.61 0 2.92-1.31 2.92-2.92s-1.31-2.92-2.92-2.92z",
                  },
                  "children": Array [],
                  "name": "path",
                  "namespace": "http://www.w3.org/2000/svg",
                  "next": null,
                  "parent": [Circular],
                  "prev": null,
                  "type": "tag",
                  "x-attribsNamespace": Object {
                    "d": undefined,
                  },
                  "x-attribsPrefix": Object {
                    "d": undefined,
                  },
                },
              ],
              "name": "svg",
              "namespace": "http://www.w3.org/2000/svg",
              "next": null,
              "parent": [Circular],
              "prev": null,
              "type": "tag",
              "x-attribsNamespace": Object {
                "class": undefined,
                "fill": undefined,
                "height": undefined,
                "stroke": undefined,
                "stroke-width": undefined,
                "viewBox": undefined,
                "width": undefined,
                "xmlns": "http://www.w3.org/2000/xmlns/",
              },
              "x-attribsPrefix": Object {
                "class": undefined,
                "fill": undefined,
                "height": undefined,
                "stroke": undefined,
                "stroke-width": undefined,
                "viewBox": undefined,
                "width": undefined,
                "xmlns": "",
              },
            },
          ],
          "name": "div",
          "namespace": "http://www.w3.org/1999/xhtml",
          "next": null,
          "parent": [Circular],
          "prev": [Circular],
          "type": "tag",
          "x-attribsNamespace": Object {
            "class": undefined,
          },
          "x-attribsPrefix": Object {
            "class": undefined,
          },
        },
        "parent": [Circular],
        "prev": Object {
          "attribs": Object {
            "class": "AppHeader__logo-wrap",
          },
          "children": Array [
            Object {
              "attribs": Object {
                "alt": "codio_logo",
                "class": "codio_logo",
                "src": "codio_logo.png",
              },
              "children": Array [],
              "name": "img",
              "namespace": "http://www.w3.org/1999/xhtml",
              "next": null,
              "parent": [Circular],
              "prev": null,
              "type": "tag",
              "x-attribsNamespace": Object {
                "alt": undefined,
                "class": undefined,
                "src": undefined,
              },
              "x-attribsPrefix": Object {
                "alt": undefined,
                "class": undefined,
                "src": undefined,
              },
            },
          ],
          "name": "div",
          "namespace": "http://www.w3.org/1999/xhtml",
          "next": [Circular],
          "parent": [Circular],
          "prev": null,
          "type": "tag",
          "x-attribsNamespace": Object {
            "class": undefined,
          },
          "x-attribsPrefix": Object {
            "class": undefined,
          },
        },
        "type": "tag",
        "x-attribsNamespace": Object {
          "class": undefined,
          "role": undefined,
        },
        "x-attribsPrefix": Object {
          "class": undefined,
          "role": undefined,
        },
      },
      Object {
        "attribs": Object {
          "class": "AppHeader__btnGroup",
        },
        "children": Array [
          Object {
            "attribs": Object {
              "class": "shareBtn",
              "fill": "currentColor",
              "height": "1em",
              "stroke": "currentColor",
              "stroke-width": "0",
              "viewBox": "0 0 24 24",
              "width": "1em",
              "xmlns": "http://www.w3.org/2000/svg",
            },
            "children": Array [
              Object {
                "attribs": Object {
                  "d": "M18 16.08c-.76 0-1.44.3-1.96.77L8.91 12.7c.05-.23.09-.46.09-.7s-.04-.47-.09-.7l7.05-4.11c.54.5 1.25.81 2.04.81 1.66 0 3-1.34 3-3s-1.34-3-3-3-3 1.34-3 3c0 .24.04.47.09.7L8.04 9.81C7.5 9.31 6.79 9 6 9c-1.66 0-3 1.34-3 3s1.34 3 3 3c.79 0 1.5-.31 2.04-.81l7.12 4.16c-.05.21-.08.43-.08.65 0 1.61 1.31 2.92 2.92 2.92 1.61 0 2.92-1.31 2.92-2.92s-1.31-2.92-2.92-2.92z",
                },
                "children": Array [],
                "name": "path",
                "namespace": "http://www.w3.org/2000/svg",
                "next": null,
                "parent": [Circular],
                "prev": null,
                "type": "tag",
                "x-attribsNamespace": Object {
                  "d": undefined,
                },
                "x-attribsPrefix": Object {
                  "d": undefined,
                },
              },
            ],
            "name": "svg",
            "namespace": "http://www.w3.org/2000/svg",
            "next": null,
            "parent": [Circular],
            "prev": null,
            "type": "tag",
            "x-attribsNamespace": Object {
              "class": undefined,
              "fill": undefined,
              "height": undefined,
              "stroke": undefined,
              "stroke-width": undefined,
              "viewBox": undefined,
              "width": undefined,
              "xmlns": "http://www.w3.org/2000/xmlns/",
            },
            "x-attribsPrefix": Object {
              "class": undefined,
              "fill": undefined,
              "height": undefined,
              "stroke": undefined,
              "stroke-width": undefined,
              "viewBox": undefined,
              "width": undefined,
              "xmlns": "",
            },
          },
        ],
        "name": "div",
        "namespace": "http://www.w3.org/1999/xhtml",
        "next": null,
        "parent": [Circular],
        "prev": Object {
          "attribs": Object {
            "class": "AppHeader__tablist",
            "role": "tablist",
          },
          "children": Array [
            Object {
              "attribs": Object {
                "aria-disabled": "false",
                "aria-selected": "true",
                "class": "",
                "role": "tab",
                "tabindex": "0",
              },
              "children": Array [
                Object {
                  "data": "HTML",
                  "next": null,
                  "parent": [Circular],
                  "prev": null,
                  "type": "text",
                },
              ],
              "name": "li",
              "namespace": "http://www.w3.org/1999/xhtml",
              "next": Object {
                "attribs": Object {
                  "aria-disabled": "false",
                  "aria-selected": "false",
                  "class": "",
                  "role": "tab",
                  "tabindex": "1",
                },
                "children": Array [
                  Object {
                    "data": "CSS",
                    "next": null,
                    "parent": [Circular],
                    "prev": null,
                    "type": "text",
                  },
                ],
                "name": "li",
                "namespace": "http://www.w3.org/1999/xhtml",
                "next": Object {
                  "attribs": Object {
                    "aria-disabled": "false",
                    "aria-selected": "false",
                    "class": "",
                    "role": "tab",
                    "tabindex": "2",
                  },
                  "children": Array [
                    Object {
                      "data": "JS",
                      "next": null,
                      "parent": [Circular],
                      "prev": null,
                      "type": "text",
                    },
                  ],
                  "name": "li",
                  "namespace": "http://www.w3.org/1999/xhtml",
                  "next": Object {
                    "attribs": Object {
                      "aria-disabled": "false",
                      "aria-selected": "false",
                      "class": "",
                      "role": "tab",
                      "tabindex": "3",
                    },
                    "children": Array [
                      Object {
                        "data": "Console",
                        "next": null,
                        "parent": [Circular],
                        "prev": null,
                        "type": "text",
                      },
                    ],
                    "name": "li",
                    "namespace": "http://www.w3.org/1999/xhtml",
                    "next": null,
                    "parent": [Circular],
                    "prev": [Circular],
                    "type": "tag",
                    "x-attribsNamespace": Object {
                      "aria-disabled": undefined,
                      "aria-selected": undefined,
                      "class": undefined,
                      "role": undefined,
                      "tabindex": undefined,
                    },
                    "x-attribsPrefix": Object {
                      "aria-disabled": undefined,
                      "aria-selected": undefined,
                      "class": undefined,
                      "role": undefined,
                      "tabindex": undefined,
                    },
                  },
                  "parent": [Circular],
                  "prev": [Circular],
                  "type": "tag",
                  "x-attribsNamespace": Object {
                    "aria-disabled": undefined,
                    "aria-selected": undefined,
                    "class": undefined,
                    "role": undefined,
                    "tabindex": undefined,
                  },
                  "x-attribsPrefix": Object {
                    "aria-disabled": undefined,
                    "aria-selected": undefined,
                    "class": undefined,
                    "role": undefined,
                    "tabindex": undefined,
                  },
                },
                "parent": [Circular],
                "prev": [Circular],
                "type": "tag",
                "x-attribsNamespace": Object {
                  "aria-disabled": undefined,
                  "aria-selected": undefined,
                  "class": undefined,
                  "role": undefined,
                  "tabindex": undefined,
                },
                "x-attribsPrefix": Object {
                  "aria-disabled": undefined,
                  "aria-selected": undefined,
                  "class": undefined,
                  "role": undefined,
                  "tabindex": undefined,
                },
              },
              "parent": [Circular],
              "prev": null,
              "type": "tag",
              "x-attribsNamespace": Object {
                "aria-disabled": undefined,
                "aria-selected": undefined,
                "class": undefined,
                "role": undefined,
                "tabindex": undefined,
              },
              "x-attribsPrefix": Object {
                "aria-disabled": undefined,
                "aria-selected": undefined,
                "class": undefined,
                "role": undefined,
                "tabindex": undefined,
              },
            },
            Object {
              "attribs": Object {
                "aria-disabled": "false",
                "aria-selected": "false",
                "class": "",
                "role": "tab",
                "tabindex": "1",
              },
              "children": Array [
                Object {
                  "data": "CSS",
                  "next": null,
                  "parent": [Circular],
                  "prev": null,
                  "type": "text",
                },
              ],
              "name": "li",
              "namespace": "http://www.w3.org/1999/xhtml",
              "next": Object {
                "attribs": Object {
                  "aria-disabled": "false",
                  "aria-selected": "false",
                  "class": "",
                  "role": "tab",
                  "tabindex": "2",
                },
                "children": Array [
                  Object {
                    "data": "JS",
                    "next": null,
                    "parent": [Circular],
                    "prev": null,
                    "type": "text",
                  },
                ],
                "name": "li",
                "namespace": "http://www.w3.org/1999/xhtml",
                "next": Object {
                  "attribs": Object {
                    "aria-disabled": "false",
                    "aria-selected": "false",
                    "class": "",
                    "role": "tab",
                    "tabindex": "3",
                  },
                  "children": Array [
                    Object {
                      "data": "Console",
                      "next": null,
                      "parent": [Circular],
                      "prev": null,
                      "type": "text",
                    },
                  ],
                  "name": "li",
                  "namespace": "http://www.w3.org/1999/xhtml",
                  "next": null,
                  "parent": [Circular],
                  "prev": [Circular],
                  "type": "tag",
                  "x-attribsNamespace": Object {
                    "aria-disabled": undefined,
                    "aria-selected": undefined,
                    "class": undefined,
                    "role": undefined,
                    "tabindex": undefined,
                  },
                  "x-attribsPrefix": Object {
                    "aria-disabled": undefined,
                    "aria-selected": undefined,
                    "class": undefined,
                    "role": undefined,
                    "tabindex": undefined,
                  },
                },
                "parent": [Circular],
                "prev": [Circular],
                "type": "tag",
                "x-attribsNamespace": Object {
                  "aria-disabled": undefined,
                  "aria-selected": undefined,
                  "class": undefined,
                  "role": undefined,
                  "tabindex": undefined,
                },
                "x-attribsPrefix": Object {
                  "aria-disabled": undefined,
                  "aria-selected": undefined,
                  "class": undefined,
                  "role": undefined,
                  "tabindex": undefined,
                },
              },
              "parent": [Circular],
              "prev": Object {
                "attribs": Object {
                  "aria-disabled": "false",
                  "aria-selected": "true",
                  "class": "",
                  "role": "tab",
                  "tabindex": "0",
                },
                "children": Array [
                  Object {
                    "data": "HTML",
                    "next": null,
                    "parent": [Circular],
                    "prev": null,
                    "type": "text",
                  },
                ],
                "name": "li",
                "namespace": "http://www.w3.org/1999/xhtml",
                "next": [Circular],
                "parent": [Circular],
                "prev": null,
                "type": "tag",
                "x-attribsNamespace": Object {
                  "aria-disabled": undefined,
                  "aria-selected": undefined,
                  "class": undefined,
                  "role": undefined,
                  "tabindex": undefined,
                },
                "x-attribsPrefix": Object {
                  "aria-disabled": undefined,
                  "aria-selected": undefined,
                  "class": undefined,
                  "role": undefined,
                  "tabindex": undefined,
                },
              },
              "type": "tag",
              "x-attribsNamespace": Object {
                "aria-disabled": undefined,
                "aria-selected": undefined,
                "class": undefined,
                "role": undefined,
                "tabindex": undefined,
              },
              "x-attribsPrefix": Object {
                "aria-disabled": undefined,
                "aria-selected": undefined,
                "class": undefined,
                "role": undefined,
                "tabindex": undefined,
              },
            },
            Object {
              "attribs": Object {
                "aria-disabled": "false",
                "aria-selected": "false",
                "class": "",
                "role": "tab",
                "tabindex": "2",
              },
              "children": Array [
                Object {
                  "data": "JS",
                  "next": null,
                  "parent": [Circular],
                  "prev": null,
                  "type": "text",
                },
              ],
              "name": "li",
              "namespace": "http://www.w3.org/1999/xhtml",
              "next": Object {
                "attribs": Object {
                  "aria-disabled": "false",
                  "aria-selected": "false",
                  "class": "",
                  "role": "tab",
                  "tabindex": "3",
                },
                "children": Array [
                  Object {
                    "data": "Console",
                    "next": null,
                    "parent": [Circular],
                    "prev": null,
                    "type": "text",
                  },
                ],
                "name": "li",
                "namespace": "http://www.w3.org/1999/xhtml",
                "next": null,
                "parent": [Circular],
                "prev": [Circular],
                "type": "tag",
                "x-attribsNamespace": Object {
                  "aria-disabled": undefined,
                  "aria-selected": undefined,
                  "class": undefined,
                  "role": undefined,
                  "tabindex": undefined,
                },
                "x-attribsPrefix": Object {
                  "aria-disabled": undefined,
                  "aria-selected": undefined,
                  "class": undefined,
                  "role": undefined,
                  "tabindex": undefined,
                },
              },
              "parent": [Circular],
              "prev": Object {
                "attribs": Object {
                  "aria-disabled": "false",
                  "aria-selected": "false",
                  "class": "",
                  "role": "tab",
                  "tabindex": "1",
                },
                "children": Array [
                  Object {
                    "data": "CSS",
                    "next": null,
                    "parent": [Circular],
                    "prev": null,
                    "type": "text",
                  },
                ],
                "name": "li",
                "namespace": "http://www.w3.org/1999/xhtml",
                "next": [Circular],
                "parent": [Circular],
                "prev": Object {
                  "attribs": Object {
                    "aria-disabled": "false",
                    "aria-selected": "true",
                    "class": "",
                    "role": "tab",
                    "tabindex": "0",
                  },
                  "children": Array [
                    Object {
                      "data": "HTML",
                      "next": null,
                      "parent": [Circular],
                      "prev": null,
                      "type": "text",
                    },
                  ],
                  "name": "li",
                  "namespace": "http://www.w3.org/1999/xhtml",
                  "next": [Circular],
                  "parent": [Circular],
                  "prev": null,
                  "type": "tag",
                  "x-attribsNamespace": Object {
                    "aria-disabled": undefined,
                    "aria-selected": undefined,
                    "class": undefined,
                    "role": undefined,
                    "tabindex": undefined,
                  },
                  "x-attribsPrefix": Object {
                    "aria-disabled": undefined,
                    "aria-selected": undefined,
                    "class": undefined,
                    "role": undefined,
                    "tabindex": undefined,
                  },
                },
                "type": "tag",
                "x-attribsNamespace": Object {
                  "aria-disabled": undefined,
                  "aria-selected": undefined,
                  "class": undefined,
                  "role": undefined,
                  "tabindex": undefined,
                },
                "x-attribsPrefix": Object {
                  "aria-disabled": undefined,
                  "aria-selected": undefined,
                  "class": undefined,
                  "role": undefined,
                  "tabindex": undefined,
                },
              },
              "type": "tag",
              "x-attribsNamespace": Object {
                "aria-disabled": undefined,
                "aria-selected": undefined,
                "class": undefined,
                "role": undefined,
                "tabindex": undefined,
              },
              "x-attribsPrefix": Object {
                "aria-disabled": undefined,
                "aria-selected": undefined,
                "class": undefined,
                "role": undefined,
                "tabindex": undefined,
              },
            },
            Object {
              "attribs": Object {
                "aria-disabled": "false",
                "aria-selected": "false",
                "class": "",
                "role": "tab",
                "tabindex": "3",
              },
              "children": Array [
                Object {
                  "data": "Console",
                  "next": null,
                  "parent": [Circular],
                  "prev": null,
                  "type": "text",
                },
              ],
              "name": "li",
              "namespace": "http://www.w3.org/1999/xhtml",
              "next": null,
              "parent": [Circular],
              "prev": Object {
                "attribs": Object {
                  "aria-disabled": "false",
                  "aria-selected": "false",
                  "class": "",
                  "role": "tab",
                  "tabindex": "2",
                },
                "children": Array [
                  Object {
                    "data": "JS",
                    "next": null,
                    "parent": [Circular],
                    "prev": null,
                    "type": "text",
                  },
                ],
                "name": "li",
                "namespace": "http://www.w3.org/1999/xhtml",
                "next": [Circular],
                "parent": [Circular],
                "prev": Object {
                  "attribs": Object {
                    "aria-disabled": "false",
                    "aria-selected": "false",
                    "class": "",
                    "role": "tab",
                    "tabindex": "1",
                  },
                  "children": Array [
                    Object {
                      "data": "CSS",
                      "next": null,
                      "parent": [Circular],
                      "prev": null,
                      "type": "text",
                    },
                  ],
                  "name": "li",
                  "namespace": "http://www.w3.org/1999/xhtml",
                  "next": [Circular],
                  "parent": [Circular],
                  "prev": Object {
                    "attribs": Object {
                      "aria-disabled": "false",
                      "aria-selected": "true",
                      "class": "",
                      "role": "tab",
                      "tabindex": "0",
                    },
                    "children": Array [
                      Object {
                        "data": "HTML",
                        "next": null,
                        "parent": [Circular],
                        "prev": null,
                        "type": "text",
                      },
                    ],
                    "name": "li",
                    "namespace": "http://www.w3.org/1999/xhtml",
                    "next": [Circular],
                    "parent": [Circular],
                    "prev": null,
                    "type": "tag",
                    "x-attribsNamespace": Object {
                      "aria-disabled": undefined,
                      "aria-selected": undefined,
                      "class": undefined,
                      "role": undefined,
                      "tabindex": undefined,
                    },
                    "x-attribsPrefix": Object {
                      "aria-disabled": undefined,
                      "aria-selected": undefined,
                      "class": undefined,
                      "role": undefined,
                      "tabindex": undefined,
                    },
                  },
                  "type": "tag",
                  "x-attribsNamespace": Object {
                    "aria-disabled": undefined,
                    "aria-selected": undefined,
                    "class": undefined,
                    "role": undefined,
                    "tabindex": undefined,
                  },
                  "x-attribsPrefix": Object {
                    "aria-disabled": undefined,
                    "aria-selected": undefined,
                    "class": undefined,
                    "role": undefined,
                    "tabindex": undefined,
                  },
                },
                "type": "tag",
                "x-attribsNamespace": Object {
                  "aria-disabled": undefined,
                  "aria-selected": undefined,
                  "class": undefined,
                  "role": undefined,
                  "tabindex": undefined,
                },
                "x-attribsPrefix": Object {
                  "aria-disabled": undefined,
                  "aria-selected": undefined,
                  "class": undefined,
                  "role": undefined,
                  "tabindex": undefined,
                },
              },
              "type": "tag",
              "x-attribsNamespace": Object {
                "aria-disabled": undefined,
                "aria-selected": undefined,
                "class": undefined,
                "role": undefined,
                "tabindex": undefined,
              },
              "x-attribsPrefix": Object {
                "aria-disabled": undefined,
                "aria-selected": undefined,
                "class": undefined,
                "role": undefined,
                "tabindex": undefined,
              },
            },
          ],
          "name": "ul",
          "namespace": "http://www.w3.org/1999/xhtml",
          "next": [Circular],
          "parent": [Circular],
          "prev": Object {
            "attribs": Object {
              "class": "AppHeader__logo-wrap",
            },
            "children": Array [
              Object {
                "attribs": Object {
                  "alt": "codio_logo",
                  "class": "codio_logo",
                  "src": "codio_logo.png",
                },
                "children": Array [],
                "name": "img",
                "namespace": "http://www.w3.org/1999/xhtml",
                "next": null,
                "parent": [Circular],
                "prev": null,
                "type": "tag",
                "x-attribsNamespace": Object {
                  "alt": undefined,
                  "class": undefined,
                  "src": undefined,
                },
                "x-attribsPrefix": Object {
                  "alt": undefined,
                  "class": undefined,
                  "src": undefined,
                },
              },
            ],
            "name": "div",
            "namespace": "http://www.w3.org/1999/xhtml",
            "next": [Circular],
            "parent": [Circular],
            "prev": null,
            "type": "tag",
            "x-attribsNamespace": Object {
              "class": undefined,
            },
            "x-attribsPrefix": Object {
              "class": undefined,
            },
          },
          "type": "tag",
          "x-attribsNamespace": Object {
            "class": undefined,
            "role": undefined,
          },
          "x-attribsPrefix": Object {
            "class": undefined,
            "role": undefined,
          },
        },
        "type": "tag",
        "x-attribsNamespace": Object {
          "class": undefined,
        },
        "x-attribsPrefix": Object {
          "class": undefined,
        },
      },
    ],
    "name": "header",
    "namespace": "http://www.w3.org/1999/xhtml",
    "next": null,
    "parent": null,
    "prev": null,
    "root": Object {
      "attribs": Object {},
      "children": Array [
        [Circular],
      ],
      "name": "root",
      "namespace": "http://www.w3.org/1999/xhtml",
      "next": null,
      "parent": null,
      "prev": null,
      "type": "root",
      "x-attribsNamespace": Object {},
      "x-attribsPrefix": Object {},
    },
    "type": "tag",
    "x-attribsNamespace": Object {
      "class": undefined,
    },
    "x-attribsPrefix": Object {
      "class": undefined,
    },
  },
  "_root": [Circular],
  "length": 1,
  "options": Object {
    "decodeEntities": true,
    "normalizeWhitespace": false,
    "withDomLvl1": true,
    "xml": false,
  },
}
`;
